Admin@DESKTOP-AK37D7R MINGW64 ~/Desktop/ESD/day 5
$ git clone https://github.com/himanshurai24/esd-dma.git
Cloning into 'esd-dma'...
remote: Enumerating objects: 3, done.
remote: Counting objects: 100% (3/3), done.
remote: Total 3 (delta 0), reused 0 (delta 0), pack-reused 0
Receiving objects: 100% (3/3), done.

Admin@DESKTOP-AK37D7R MINGW64 ~/Desktop/ESD/day 5
$ cd esd-dma

Admin@DESKTOP-AK37D7R MINGW64 ~/Desktop/ESD/day 5/esd-dma (main)
$ ls
README.md

Admin@DESKTOP-AK37D7R MINGW64 ~/Desktop/ESD/day 5/esd-dma (main)
$ touch test.html

Admin@DESKTOP-AK37D7R MINGW64 ~/Desktop/ESD/day 5/esd-dma (main)
$ ls
README.md  test.html

Admin@DESKTOP-AK37D7R MINGW64 ~/Desktop/ESD/day 5/esd-dma (main)
$ vim test.html

Admin@DESKTOP-AK37D7R MINGW64 ~/Desktop/ESD/day 5/esd-dma (main)
$ run test.html
bash: run: command not found

Admin@DESKTOP-AK37D7R MINGW64 ~/Desktop/ESD/day 5/esd-dma (main)
$ git status
On branch main
Your branch is up to date with 'origin/main'.

Untracked files:
  (use "git add <file>..." to include in what will be committed)
        test.html

nothing added to commit but untracked files present (use "git add" to track)

Admin@DESKTOP-AK37D7R MINGW64 ~/Desktop/ESD/day 5/esd-dma (main)
$ git add .
warning: LF will be replaced by CRLF in test.html.
The file will have its original line endings in your working directory

Admin@DESKTOP-AK37D7R MINGW64 ~/Desktop/ESD/day 5/esd-dma (main)
$ git commit -m "First Commit"
[main 24ab97c] First Commit
 1 file changed, 1 insertion(+)
 create mode 100644 test.html

Admin@DESKTOP-AK37D7R MINGW64 ~/Desktop/ESD/day 5/esd-dma (main)
$ vim test.html

Admin@DESKTOP-AK37D7R MINGW64 ~/Desktop/ESD/day 5/esd-dma (main)
$ git push origin main
Enumerating objects: 4, done.
Counting objects: 100% (4/4), done.
Delta compression using up to 2 threads
Compressing objects: 100% (2/2), done.
Writing objects: 100% (3/3), 302 bytes | 75.00 KiB/s, done.
Total 3 (delta 0), reused 0 (delta 0), pack-reused 0
To https://github.com/himanshurai24/esd-dma.git
   d1ae46a..24ab97c  main -> main

Admin@DESKTOP-AK37D7R MINGW64 ~/Desktop/ESD/day 5/esd-dma (main)
$ vim test.html

Admin@DESKTOP-AK37D7R MINGW64 ~/Desktop/ESD/day 5/esd-dma (main)
$ git status
On branch main
Your branch is up to date with 'origin/main'.

Changes not staged for commit:
  (use "git add <file>..." to update what will be committed)
  (use "git restore <file>..." to discard changes in working directory)
        modified:   test.html

no changes added to commit (use "git add" and/or "git commit -a")

Admin@DESKTOP-AK37D7R MINGW64 ~/Desktop/ESD/day 5/esd-dma (main)
$ git add .
warning: LF will be replaced by CRLF in test.html.
The file will have its original line endings in your working directory

Admin@DESKTOP-AK37D7R MINGW64 ~/Desktop/ESD/day 5/esd-dma (main)
$ git commit -m "syntax added"
[main ee0e347] syntax added
 1 file changed, 3 insertions(+)

Admin@DESKTOP-AK37D7R MINGW64 ~/Desktop/ESD/day 5/esd-dma (main)
$ vim test.html

Admin@DESKTOP-AK37D7R MINGW64 ~/Desktop/ESD/day 5/esd-dma (main)
$ git add .
warning: LF will be replaced by CRLF in test.html.
The file will have its original line endings in your working directory

Admin@DESKTOP-AK37D7R MINGW64 ~/Desktop/ESD/day 5/esd-dma (main)
$ git push origin main
Enumerating objects: 5, done.
Counting objects: 100% (5/5), done.
Delta compression using up to 2 threads
Compressing objects: 100% (3/3), done.
Writing objects: 100% (3/3), 337 bytes | 84.00 KiB/s, done.
Total 3 (delta 0), reused 0 (delta 0), pack-reused 0
To https://github.com/himanshurai24/esd-dma.git
   24ab97c..ee0e347  main -> main

Admin@DESKTOP-AK37D7R MINGW64 ~/Desktop/ESD/day 5/esd-dma (main)
$ git add .

Admin@DESKTOP-AK37D7R MINGW64 ~/Desktop/ESD/day 5/esd-dma (main)
$ git commit -m "new files added"
[main 49edcb4] new files added
 4 files changed, 249 insertions(+)
 create mode 100644 add.html
 create mode 100644 edit.html
 create mode 100644 index.html
 create mode 100644 script.js

Admin@DESKTOP-AK37D7R MINGW64 ~/Desktop/ESD/day 5/esd-dma (main)
$ git push origin main
Enumerating objects: 7, done.
Counting objects: 100% (7/7), done.
Delta compression using up to 2 threads
Compressing objects: 100% (6/6), done.
Writing objects: 100% (6/6), 2.28 KiB | 333.00 KiB/s, done.
Total 6 (delta 2), reused 0 (delta 0), pack-reused 0
remote: Resolving deltas: 100% (2/2), done.
To https://github.com/himanshurai24/esd-dma.git
   ee0e347..49edcb4  main -> main

Admin@DESKTOP-AK37D7R MINGW64 ~/Desktop/ESD/day 5/esd-dma (main)
$ vim test.html

Admin@DESKTOP-AK37D7R MINGW64 ~/Desktop/ESD/day 5/esd-dma (main)
$ git add .
warning: LF will be replaced by CRLF in test.html.
The file will have its original line endings in your working directory

Admin@DESKTOP-AK37D7R MINGW64 ~/Desktop/ESD/day 5/esd-dma (main)
$ git commit -m "changes made to test.html"
[main fd2247a] changes made to test.html
 1 file changed, 3 insertions(+)

Admin@DESKTOP-AK37D7R MINGW64 ~/Desktop/ESD/day 5/esd-dma (main)
$ git push origin main
Enumerating objects: 5, done.
Counting objects: 100% (5/5), done.
Delta compression using up to 2 threads
Compressing objects: 100% (3/3), done.
Writing objects: 100% (3/3), 373 bytes | 124.00 KiB/s, done.
Total 3 (delta 1), reused 0 (delta 0), pack-reused 0
remote: Resolving deltas: 100% (1/1), completed with 1 local object.
To https://github.com/himanshurai24/esd-dma.git
   49edcb4..fd2247a  main -> main

Admin@DESKTOP-AK37D7R MINGW64 ~/Desktop/ESD/day 5/esd-dma (main)
$

